Minal@DESKTOP-TCGN9BT MINGW64 ~/Desktop (main)
$ git clone https://github.com/parabgovind09/CredLocker.git
Cloning into 'CredLocker'...
remote: Enumerating objects: 3, done.
remote: Counting objects: 100% (3/3), done.
remote: Total 3 (delta 0), reused 0 (delta 0), pack-reused 0
Receiving objects: 100% (3/3), done.

-----------------------------------------------------------------------------

Minal@DESKTOP-TCGN9BT MINGW64 ~/Desktop/CredLocker (main)
$ git status
On branch main
Your branch is up to date with 'origin/main'.

Untracked files:
  (use "git add <file>..." to include in what will be committed)
        PythonVersion/

nothing added to commit but untracked files present (use "git add" to track)

Minal@DESKTOP-TCGN9BT MINGW64 ~/Desktop/CredLocker (main)
$ git add .

Minal@DESKTOP-TCGN9BT MINGW64 ~/Desktop/CredLocker (main)
$ git commit -m "Added Python Version .exe file"
[main 0c6cd84] Added Python Version .exe file
 1 file changed, 0 insertions(+), 0 deletions(-)
 create mode 100644 PythonVersion/python-3.12.3-amd64.exe

Minal@DESKTOP-TCGN9BT MINGW64 ~/Desktop/CredLocker (main)
$ git status
On branch main
Your branch is ahead of 'origin/main' by 1 commit.
  (use "git push" to publish your local commits)

nothing to commit, working tree clean

------------------------------------------------------------------------------------

Minal@DESKTOP-TCGN9BT MINGW64 ~/Desktop/CredLocker (main)
$ git status
On branch main
Your branch is ahead of 'origin/main' by 1 commit.
  (use "git push" to publish your local commits)

Untracked files:
  (use "git add <file>..." to include in what will be committed)
        Trackers/

nothing added to commit but untracked files present (use "git add" to track)

Minal@DESKTOP-TCGN9BT MINGW64 ~/Desktop/CredLocker (main)
$ git add .

Minal@DESKTOP-TCGN9BT MINGW64 ~/Desktop/CredLocker (main)
$ git commit -m "Created Trackers Folder for CMD/Git command logs"
[main 8865e2f] Created Trackers Folder for CMD/Git command logs
 2 files changed, 460 insertions(+)
 create mode 100644 Trackers/CMDTracker.txt
 create mode 100644 Trackers/GitTracker.txt

Minal@DESKTOP-TCGN9BT MINGW64 ~/Desktop/CredLocker (main)
$ git status
On branch main
Your branch is ahead of 'origin/main' by 2 commits.
  (use "git push" to publish your local commits)

nothing to commit, working tree clean

--------------------------------------------------------------------------------------------

Minal@DESKTOP-TCGN9BT MINGW64 ~/Desktop/CredLocker (main)
$ git status
On branch main
Your branch is ahead of 'origin/main' by 2 commits.
  (use "git push" to publish your local commits)

Changes not staged for commit:
  (use "git add <file>..." to update what will be committed)
  (use "git restore <file>..." to discard changes in working directory)
        modified:   Trackers/GitTracker.txt

Untracked files:
  (use "git add <file>..." to include in what will be committed)
        PinataCRUD/

no changes added to commit (use "git add" and/or "git commit -a")

Minal@DESKTOP-TCGN9BT MINGW64 ~/Desktop/CredLocker (main)
$ git add .

Minal@DESKTOP-TCGN9BT MINGW64 ~/Desktop/CredLocker (main)
$ git commit -m "Implemented PinataCRUD Operations v.1.0"
[main c8471dd] Implemented PinataCRUD Operations v.1.0
 10 files changed, 124 insertions(+), 1 deletion(-)
 create mode 100644 PinataCRUD/DeleteOperation.py
 create mode 100644 PinataCRUD/PinataCredentials.py
 create mode 100644 PinataCRUD/RetrieveOperation.py
 create mode 100644 PinataCRUD/UpdateOperation.py
 create mode 100644 PinataCRUD/UploadOperation.py
 create mode 100644 PinataCRUD/__init__.py
 create mode 100644 PinataCRUD/__pycache__/DeleteOperation.cpython-312.pyc
 create mode 100644 PinataCRUD/__pycache__/PinataCredentials.cpython-312.pyc
 create mode 100644 PinataCRUD/__pycache__/UploadOperation.cpython-312.pyc

Minal@DESKTOP-TCGN9BT MINGW64 ~/Desktop/CredLocker (main)
$ git status
On branch main
Your branch is ahead of 'origin/main' by 3 commits.
  (use "git push" to publish your local commits)

nothing to commit, working tree clean

---------------------------------------------------------------------------------------------------

Minal@DESKTOP-TCGN9BT MINGW64 ~/Desktop/CredLocker (main)
$ git push -u origin main
Enumerating objects: 25, done.
Counting objects: 100% (25/25), done.
Delta compression using up to 4 threads
Compressing objects: 100% (23/23), done.
Writing objects: 100% (24/24), 25.22 MiB | 3.25 MiB/s, done.
Total 24 (delta 3), reused 0 (delta 0), pack-reused 0 (from 0)
remote: Resolving deltas: 100% (3/3), done.
To https://github.com/parabgovind09/CredLocker.git
   873d4da..c8471dd  main -> main
branch 'main' set up to track 'origin/main'.

-----------------------------------------------------------------------------------------------------

Minal@DESKTOP-TCGN9BT MINGW64 ~/Desktop/CredLocker (main)
$ git status
On branch main
Your branch is up to date with 'origin/main'.

Changes not staged for commit:
  (use "git add <file>..." to update what will be committed)
  (use "git restore <file>..." to discard changes in working directory)
        modified:   PinataCRUD/RetrieveOperation.py
        modified:   PinataCRUD/UploadOperation.py
        modified:   Trackers/GitTracker.txt

Untracked files:
  (use "git add <file>..." to include in what will be committed)
        PinataCRUD/HashGenerator.py
        PinataCRUD/VerifyOperation.py
        PinataCRUD/__pycache__/HashGenerator.cpython-312.pyc
        PinataCRUD/__pycache__/RetrieveOperation.cpython-312.pyc

no changes added to commit (use "git add" and/or "git commit -a")

Minal@DESKTOP-TCGN9BT MINGW64 ~/Desktop/CredLocker (main)
$ git add .

Minal@DESKTOP-TCGN9BT MINGW64 ~/Desktop/CredLocker (main)
$ git commit -m "Added verify operation in PinataCRUD Operations v.2.0"
[main 5e9be7d] Added verify operation in PinataCRUD Operations v.2.0
 7 files changed, 113 insertions(+), 3 deletions(-)
 create mode 100644 PinataCRUD/HashGenerator.py
 create mode 100644 PinataCRUD/VerifyOperation.py
 create mode 100644 PinataCRUD/__pycache__/HashGenerator.cpython-312.pyc
 create mode 100644 PinataCRUD/__pycache__/RetrieveOperation.cpython-312.pyc

Minal@DESKTOP-TCGN9BT MINGW64 ~/Desktop/CredLocker (main)
$ git status
On branch main
Your branch is ahead of 'origin/main' by 1 commit.
  (use "git push" to publish your local commits)

nothing to commit, working tree clean

Minal@DESKTOP-TCGN9BT MINGW64 ~/Desktop/CredLocker (main)
$ git push origin main -f
Enumerating objects: 19, done.
Counting objects: 100% (19/19), done.
Delta compression using up to 4 threads
Compressing objects: 100% (12/12), done.
Writing objects: 100% (12/12), 3.44 KiB | 880.00 KiB/s, done.
Total 12 (delta 5), reused 0 (delta 0), pack-reused 0 (from 0)
remote: Resolving deltas: 100% (5/5), completed with 5 local objects.
To https://github.com/parabgovind09/CredLocker.git
   c8471dd..5e9be7d  main -> main

----------------------------------------------------------------------------------------