Minal@DESKTOP-TCGN9BT MINGW64 ~/Desktop (main)
$ git clone https://github.com/parabgovind09/CredLocker.git
Cloning into 'CredLocker'...
remote: Enumerating objects: 3, done.
remote: Counting objects: 100% (3/3), done.
remote: Total 3 (delta 0), reused 0 (delta 0), pack-reused 0
Receiving objects: 100% (3/3), done.

-----------------------------------------------------------------------------

Minal@DESKTOP-TCGN9BT MINGW64 ~/Desktop/CredLocker (main)
$ git status
On branch main
Your branch is up to date with 'origin/main'.

Untracked files:
  (use "git add <file>..." to include in what will be committed)
        PythonVersion/

nothing added to commit but untracked files present (use "git add" to track)

Minal@DESKTOP-TCGN9BT MINGW64 ~/Desktop/CredLocker (main)
$ git add .

Minal@DESKTOP-TCGN9BT MINGW64 ~/Desktop/CredLocker (main)
$ git commit -m "Added Python Version .exe file"
[main 0c6cd84] Added Python Version .exe file
 1 file changed, 0 insertions(+), 0 deletions(-)
 create mode 100644 PythonVersion/python-3.12.3-amd64.exe

Minal@DESKTOP-TCGN9BT MINGW64 ~/Desktop/CredLocker (main)
$ git status
On branch main
Your branch is ahead of 'origin/main' by 1 commit.
  (use "git push" to publish your local commits)

nothing to commit, working tree clean

------------------------------------------------------------------------------------

Minal@DESKTOP-TCGN9BT MINGW64 ~/Desktop/CredLocker (main)
$ git status
On branch main
Your branch is ahead of 'origin/main' by 1 commit.
  (use "git push" to publish your local commits)

Untracked files:
  (use "git add <file>..." to include in what will be committed)
        Trackers/

nothing added to commit but untracked files present (use "git add" to track)

Minal@DESKTOP-TCGN9BT MINGW64 ~/Desktop/CredLocker (main)
$ git add .

Minal@DESKTOP-TCGN9BT MINGW64 ~/Desktop/CredLocker (main)
$ git commit -m "Created Trackers Folder for CMD/Git command logs"
[main 8865e2f] Created Trackers Folder for CMD/Git command logs
 2 files changed, 460 insertions(+)
 create mode 100644 Trackers/CMDTracker.txt
 create mode 100644 Trackers/GitTracker.txt

Minal@DESKTOP-TCGN9BT MINGW64 ~/Desktop/CredLocker (main)
$ git status
On branch main
Your branch is ahead of 'origin/main' by 2 commits.
  (use "git push" to publish your local commits)

nothing to commit, working tree clean

--------------------------------------------------------------------------------------------

Minal@DESKTOP-TCGN9BT MINGW64 ~/Desktop/CredLocker (main)
$ git status
On branch main
Your branch is ahead of 'origin/main' by 2 commits.
  (use "git push" to publish your local commits)

Changes not staged for commit:
  (use "git add <file>..." to update what will be committed)
  (use "git restore <file>..." to discard changes in working directory)
        modified:   Trackers/GitTracker.txt

Untracked files:
  (use "git add <file>..." to include in what will be committed)
        PinataCRUD/

no changes added to commit (use "git add" and/or "git commit -a")

Minal@DESKTOP-TCGN9BT MINGW64 ~/Desktop/CredLocker (main)
$ git add .

Minal@DESKTOP-TCGN9BT MINGW64 ~/Desktop/CredLocker (main)
$ git commit -m "Implemented PinataCRUD Operations v.1.0"
[main c8471dd] Implemented PinataCRUD Operations v.1.0
 10 files changed, 124 insertions(+), 1 deletion(-)
 create mode 100644 PinataCRUD/DeleteOperation.py
 create mode 100644 PinataCRUD/PinataCredentials.py
 create mode 100644 PinataCRUD/RetrieveOperation.py
 create mode 100644 PinataCRUD/UpdateOperation.py
 create mode 100644 PinataCRUD/UploadOperation.py
 create mode 100644 PinataCRUD/__init__.py
 create mode 100644 PinataCRUD/__pycache__/DeleteOperation.cpython-312.pyc
 create mode 100644 PinataCRUD/__pycache__/PinataCredentials.cpython-312.pyc
 create mode 100644 PinataCRUD/__pycache__/UploadOperation.cpython-312.pyc

Minal@DESKTOP-TCGN9BT MINGW64 ~/Desktop/CredLocker (main)
$ git status
On branch main
Your branch is ahead of 'origin/main' by 3 commits.
  (use "git push" to publish your local commits)

nothing to commit, working tree clean

---------------------------------------------------------------------------------------------------

Minal@DESKTOP-TCGN9BT MINGW64 ~/Desktop/CredLocker (main)
$ git push -u origin main
Enumerating objects: 25, done.
Counting objects: 100% (25/25), done.
Delta compression using up to 4 threads
Compressing objects: 100% (23/23), done.
Writing objects: 100% (24/24), 25.22 MiB | 3.25 MiB/s, done.
Total 24 (delta 3), reused 0 (delta 0), pack-reused 0 (from 0)
remote: Resolving deltas: 100% (3/3), done.
To https://github.com/parabgovind09/CredLocker.git
   873d4da..c8471dd  main -> main
branch 'main' set up to track 'origin/main'.

-----------------------------------------------------------------------------------------------------

Minal@DESKTOP-TCGN9BT MINGW64 ~/Desktop/CredLocker (main)
$ git status
On branch main
Your branch is up to date with 'origin/main'.

Changes not staged for commit:
  (use "git add <file>..." to update what will be committed)
  (use "git restore <file>..." to discard changes in working directory)
        modified:   PinataCRUD/RetrieveOperation.py
        modified:   PinataCRUD/UploadOperation.py
        modified:   Trackers/GitTracker.txt

Untracked files:
  (use "git add <file>..." to include in what will be committed)
        PinataCRUD/HashGenerator.py
        PinataCRUD/VerifyOperation.py
        PinataCRUD/__pycache__/HashGenerator.cpython-312.pyc
        PinataCRUD/__pycache__/RetrieveOperation.cpython-312.pyc

no changes added to commit (use "git add" and/or "git commit -a")

Minal@DESKTOP-TCGN9BT MINGW64 ~/Desktop/CredLocker (main)
$ git add .

Minal@DESKTOP-TCGN9BT MINGW64 ~/Desktop/CredLocker (main)
$ git commit -m "Added verify operation in PinataCRUD Operations v.2.0"
[main 5e9be7d] Added verify operation in PinataCRUD Operations v.2.0
 7 files changed, 113 insertions(+), 3 deletions(-)
 create mode 100644 PinataCRUD/HashGenerator.py
 create mode 100644 PinataCRUD/VerifyOperation.py
 create mode 100644 PinataCRUD/__pycache__/HashGenerator.cpython-312.pyc
 create mode 100644 PinataCRUD/__pycache__/RetrieveOperation.cpython-312.pyc

Minal@DESKTOP-TCGN9BT MINGW64 ~/Desktop/CredLocker (main)
$ git status
On branch main
Your branch is ahead of 'origin/main' by 1 commit.
  (use "git push" to publish your local commits)

nothing to commit, working tree clean

Minal@DESKTOP-TCGN9BT MINGW64 ~/Desktop/CredLocker (main)
$ git push origin main -f
Enumerating objects: 19, done.
Counting objects: 100% (19/19), done.
Delta compression using up to 4 threads
Compressing objects: 100% (12/12), done.
Writing objects: 100% (12/12), 3.44 KiB | 880.00 KiB/s, done.
Total 12 (delta 5), reused 0 (delta 0), pack-reused 0 (from 0)
remote: Resolving deltas: 100% (5/5), completed with 5 local objects.
To https://github.com/parabgovind09/CredLocker.git
   c8471dd..5e9be7d  main -> main

----------------------------------------------------------------------------------------

Minal@DESKTOP-TCGN9BT MINGW64 ~/Desktop/CredLocker (main)
$ git status
On branch main
Your branch is up to date with 'origin/main'.

Changes not staged for commit:
  (use "git add/rm <file>..." to update what will be committed)
  (use "git restore <file>..." to discard changes in working directory)
        deleted:    PythonVersion/python-3.12.3-amd64.exe
        modified:   Trackers/CMDTracker.txt

Untracked files:
  (use "git add <file>..." to include in what will be committed)
        GUI/
        PythonVersion/python-3.9.2-amd64.exe
        Testnet/

no changes added to commit (use "git add" and/or "git commit -a")

Minal@DESKTOP-TCGN9BT MINGW64 ~/Desktop/CredLocker (main)
$ git add .

Minal@DESKTOP-TCGN9BT MINGW64 ~/Desktop/CredLocker (main)
$ git commit -m "AddStudentGUI v.1.0"
[main faf1afa] AddStudentGUI v.1.0
 5 files changed, 194 insertions(+), 406 deletions(-)
 create mode 100644 GUI/AddStudentGUI.py
 create mode 100644 GUI/__init__.py
 rename PythonVersion/{python-3.12.3-amd64.exe => python-3.9.2-amd64.exe} (70%)
 create mode 100644 Testnet/__init__.py

Minal@DESKTOP-TCGN9BT MINGW64 ~/Desktop/CredLocker (main)
$ git status
On branch main
Your branch is ahead of 'origin/main' by 1 commit.
  (use "git push" to publish your local commits)

nothing to commit, working tree clean

Minal@DESKTOP-TCGN9BT MINGW64 ~/Desktop/CredLocker (main)
$ git push --force origin main
Enumerating objects: 14, done.
Counting objects: 100% (14/14), done.
Delta compression using up to 4 threads
Compressing objects: 100% (8/8), done.
Writing objects: 100% (10/10), 26.72 MiB | 1.63 MiB/s, done.
Total 10 (delta 1), reused 1 (delta 0), pack-reused 0 (from 0)
remote: Resolving deltas: 100% (1/1), completed with 1 local object.
To https://github.com/parabgovind09/CredLocker.git
   dc45f7c..faf1afa  main -> main

-----------------------------------------------------------------------------------------------------------------------


Minal@DESKTOP-TCGN9BT MINGW64 ~/Desktop/CredLocker (main)
$ git status
Refresh index: 100% (30/30), done.
On branch main
Your branch is up to date with 'origin/main'.

Changes not staged for commit:
  (use "git add/rm <file>..." to update what will be committed)
  (use "git restore <file>..." to discard changes in working directory)
        deleted:    GUI/AddAdminGUI.py
        deleted:    GUI/AddStudentGUI.py
        deleted:    GUI/MergeAdmin.py
        deleted:    GUI/__init__.py
        deleted:    GUI/__pycache__/AddAdminGUI.cpython-39.pyc
        deleted:    GUI/__pycache__/MergeAdmin.cpython-39.pyc
        deleted:    GUI/__pycache__/Status.cpython-39.pyc
        deleted:    Helper/Status.py
        deleted:    Helper/__init__.py
        deleted:    PinataCRUD/DeleteOperation.py
        deleted:    PinataCRUD/FileExistenceChecker.py
        deleted:    PinataCRUD/HashGenerator.py
        deleted:    PinataCRUD/PinataCredentials.py
        deleted:    PinataCRUD/RetrieveOperation.py
        deleted:    PinataCRUD/UpdateOperation.py
        deleted:    PinataCRUD/UploadOperation.py
        deleted:    PinataCRUD/VerifyOperation.py
        deleted:    PinataCRUD/__init__.py
        deleted:    PinataCRUD/__pycache__/DeleteOperation.cpython-312.pyc
        deleted:    PinataCRUD/__pycache__/FileExistenceChecker.cpython-312.pyc
        deleted:    PinataCRUD/__pycache__/HashGenerator.cpython-312.pyc
        deleted:    PinataCRUD/__pycache__/PinataCredentials.cpython-312.pyc
        deleted:    PinataCRUD/__pycache__/PinataCredentials.cpython-39.pyc
        deleted:    PinataCRUD/__pycache__/RetrieveOperation.cpython-312.pyc
        deleted:    PinataCRUD/__pycache__/UploadOperation.cpython-312.pyc
        modified:   Trackers/CMDTracker.txt
        modified:   Trackers/GitTracker.txt

Untracked files:
  (use "git add <file>..." to include in what will be committed)
        testnet/gui/

no changes added to commit (use "git add" and/or "git commit -a")

Minal@DESKTOP-TCGN9BT MINGW64 ~/Desktop/CredLocker (main)
$ git add .
warning: in the working copy of 'Trackers/CMDTracker.txt', LF will be replaced by CRLF the next time Git touches it
warning: in the working copy of 'Trackers/GitTracker.txt', LF will be replaced by CRLF the next time Git touches it
warning: in the working copy of 'testnet/gui/AddAdminGUI.py', LF will be replaced by CRLF the next time Git touches it
warning: in the working copy of 'testnet/gui/AddStudentGUI.py', LF will be replaced by CRLF the next time Git touches it
warning: in the working copy of 'testnet/gui/MergeAdmin.py', LF will be replaced by CRLF the next time Git touches it
warning: in the working copy of 'testnet/gui/api/DeleteOperation.py', LF will be replaced by CRLF the next time Git touches it
warning: in the working copy of 'testnet/gui/api/FileExistenceChecker.py', LF will be replaced by CRLF the next time Git touches it
warning: in the working copy of 'testnet/gui/api/HashGenerator.py', LF will be replaced by CRLF the next time Git touches it
warning: in the working copy of 'testnet/gui/api/PinataCredentials.py', LF will be replaced by CRLF the next time Git touches it
warning: in the working copy of 'testnet/gui/api/RetrieveOperation.py', LF will be replaced by CRLF the next time Git touches it
warning: in the working copy of 'testnet/gui/api/UpdateOperation.py', LF will be replaced by CRLF the next time Git touches it
warning: in the working copy of 'testnet/gui/api/UploadOperation.py', LF will be replaced by CRLF the next time Git touches it
warning: in the working copy of 'testnet/gui/api/VerifyOperation.py', LF will be replaced by CRLF the next time Git touches it
warning: in the working copy of 'testnet/gui/api/smartcontract/helper/Connection.py', LF will be replaced by CRLF the next time Git touches it

Minal@DESKTOP-TCGN9BT MINGW64 ~/Desktop/CredLocker (main)
$ git commit -m "Package Structure Updated & GUI Updated"
[main 87f573b] Package Structure Updated & GUI Updated
 41 files changed, 203 insertions(+), 87 deletions(-)
 delete mode 100644 GUI/MergeAdmin.py
 delete mode 100644 GUI/__pycache__/AddAdminGUI.cpython-39.pyc
 delete mode 100644 GUI/__pycache__/MergeAdmin.cpython-39.pyc
 delete mode 100644 GUI/__pycache__/Status.cpython-39.pyc
 delete mode 100644 PinataCRUD/DeleteOperation.py
 delete mode 100644 PinataCRUD/__pycache__/DeleteOperation.cpython-312.pyc
 delete mode 100644 PinataCRUD/__pycache__/FileExistenceChecker.cpython-312.pyc
 delete mode 100644 PinataCRUD/__pycache__/HashGenerator.cpython-312.pyc
 delete mode 100644 PinataCRUD/__pycache__/PinataCredentials.cpython-312.pyc
 delete mode 100644 PinataCRUD/__pycache__/PinataCredentials.cpython-39.pyc
 delete mode 100644 PinataCRUD/__pycache__/RetrieveOperation.cpython-312.pyc
 delete mode 100644 PinataCRUD/__pycache__/UploadOperation.cpython-312.pyc
 rename {GUI => Testnet/gui}/AddAdminGUI.py (52%)
 rename {GUI => Testnet/gui}/AddStudentGUI.py (100%)
 create mode 100644 Testnet/gui/MergeAdmin.py
 rename {GUI => Testnet/gui}/__init__.py (100%)
 create mode 100644 Testnet/gui/__pycache__/MergeAdmin.cpython-39.pyc
 create mode 100644 Testnet/gui/api/DeleteOperation.py
 rename {PinataCRUD => Testnet/gui/api}/FileExistenceChecker.py (58%)
 rename {PinataCRUD => Testnet/gui/api}/HashGenerator.py (100%)
 rename {PinataCRUD => Testnet/gui/api}/PinataCredentials.py (100%)
 rename {PinataCRUD => Testnet/gui/api}/RetrieveOperation.py (100%)
 rename {PinataCRUD => Testnet/gui/api}/UpdateOperation.py (100%)
 rename {PinataCRUD => Testnet/gui/api}/UploadOperation.py (53%)
 rename {PinataCRUD => Testnet/gui/api}/VerifyOperation.py (100%)
 rename {Helper => Testnet/gui/api}/__init__.py (100%)
 create mode 100644 Testnet/gui/api/__pycache__/DeleteOperation.cpython-39.pyc
 create mode 100644 Testnet/gui/api/__pycache__/FileExistenceChecker.cpython-39.pyc
 create mode 100644 Testnet/gui/api/__pycache__/PinataCredentials.cpython-39.pyc
 create mode 100644 Testnet/gui/api/__pycache__/UploadOperation.cpython-39.pyc
 create mode 100644 Testnet/gui/api/__pycache__/__init__.cpython-39.pyc
 rename {PinataCRUD => Testnet/gui/api/smartcontract}/__init__.py (100%)
 create mode 100644 Testnet/gui/api/smartcontract/__pycache__/__init__.cpython-39.pyc
 create mode 100644 Testnet/gui/api/smartcontract/helper/Balance.py
 rename Helper/Status.py => Testnet/gui/api/smartcontract/helper/Connection.py (55%)
 create mode 100644 Testnet/gui/api/smartcontract/helper/CopyDialog.py
 create mode 100644 Testnet/gui/api/smartcontract/helper/__init__.py
 create mode 100644 Testnet/gui/api/smartcontract/helper/__pycache__/Balance.cpython-39.pyc
 create mode 100644 Testnet/gui/api/smartcontract/helper/__pycache__/Connection.cpython-39.pyc
 create mode 100644 Testnet/gui/api/smartcontract/helper/__pycache__/CopyDialog.cpython-39.pyc
 create mode 100644 Testnet/gui/api/smartcontract/helper/__pycache__/__init__.cpython-39.pyc

Minal@DESKTOP-TCGN9BT MINGW64 ~/Desktop/CredLocker (main)
$ git status
On branch main
Your branch is ahead of 'origin/main' by 1 commit.
  (use "git push" to publish your local commits)

nothing to commit, working tree clean

Minal@DESKTOP-TCGN9BT MINGW64 ~/Desktop/CredLocker (main)
$ git push origin main
Enumerating objects: 38, done.
Counting objects: 100% (38/38), done.
Delta compression using up to 4 threads
Compressing objects: 100% (36/36), done.
Writing objects: 100% (36/36), 15.62 KiB | 1.95 MiB/s, done.
Total 36 (delta 2), reused 4 (delta 0), pack-reused 0 (from 0)
remote: Resolving deltas: 100% (2/2), done.
To https://github.com/parabgovind09/CredLocker.git
   d5ab070..87f573b  main -> main

------------------------------------------------------------------------------------------------------------

